Loaded dependency [python3/3.10.16]: sqlite3/3.49.0
Loaded dependency [python3/3.10.16]: gcc/12.4.0-binutils-2.42
Loaded module: python3/3.10.16

Loading python3/3.10.16
  Loading requirement: sqlite3/3.49.0 gcc/12.4.0-binutils-2.42
Jacobi iterations took 78.46 seconds
building_id, mean_temp, std_temp, pct_above_18, pct_below_15
10000, 14.01233878811275, 6.367431059312565, 30.941014791508444, 55.542295034537624
10009, 11.000135812436373, 5.811144379826625, 16.6712734948236, 74.9723590310584
10014, 14.744169941950119, 7.037733284673848, 38.26367541377415, 52.80837116508215
10019, 14.735524480624482, 7.030325006703675, 38.14915412864569, 52.92926826787113
10029, 10.616037322820358, 6.317331938274926, 18.25563221896085, 74.51301795448481
10031, 12.507072852890545, 6.278432089100354, 24.044722033998173, 66.39513301711693
10051, 13.289039951277402, 5.999085063388632, 25.97693550756574, 62.859923608050536
10053, 11.366493551285709, 6.26121798185875, 19.9510754583921, 72.41052538787024
10056, 14.220114507861702, 6.179461157398302, 31.763454814173965, 57.06174975667784
10064, 12.71696893739585, 6.964227784263683, 28.79137124461432, 62.75688345539249

------------------------------------------------------------
Sender: LSF System <lsfadmin@hpc.dtu.dk>
Subject: Job 24840116: <q7> in cluster <dcc> Done

Job <q7> was submitted from host <hpclogin1> by user <s214622> in cluster <dcc> at Wed Apr 30 17:56:29 2025
Job was executed on host(s) <n-62-11-63>, in queue <hpc>, as user <s214622> in cluster <dcc> at Wed Apr 30 17:56:29 2025
</zhome/7e/7/168289> was used as the home directory.
</zhome/7e/7/168289/Desktop/02613-Project> was used as the working directory.
Started at Wed Apr 30 17:56:29 2025
Terminated at Wed Apr 30 17:57:59 2025
Results reported at Wed Apr 30 17:57:59 2025

Your job looked like:

------------------------------------------------------------
# LSBATCH: User input
#!/bin/sh

# må IKKE indeholde mellemrum
#BSUB -J q7


#BSUB -R "select[model==XeonGold6226R]"
#BSUB -R "rusage[mem=4GB]"
#BSUB -R "span[hosts=1]"

# walltime
#BSUB -W 00:10
#BSUB -o Task\ 7-8/output_%J.out 
#BSUB -e Task\ 7-8/error_%J.err   

module load python3/3.10.16 cuda/12.0
source .venv/bin/activate
python3 Task\ 7-8/q7.py 10
------------------------------------------------------------

Successfully completed.

Resource usage summary:

    CPU time :                                   79.67 sec.
    Max Memory :                                 80 MB
    Average Memory :                             80.00 MB
    Total Requested Memory :                     4096.00 MB
    Delta Memory :                               4016.00 MB
    Max Swap :                                   -
    Max Processes :                              4
    Max Threads :                                5
    Run time :                                   96 sec.
    Turnaround time :                            90 sec.

The output (if any) is above this job summary.

