Jacobi iterations took 67.99 seconds
building_id, mean_temp, std_temp, pct_above_18, pct_below_15
10000, 14.016628045021942, 6.367637386341267, 30.966330331633575, 55.47538967849264
10009, 11.010177813560977, 5.80927563022521, 16.696401648406876, 74.93466680068349
10014, 14.759922296843238, 7.028276816108864, 38.29523014596609, 52.749333279045615
10019, 14.752021177596786, 7.02047774376566, 38.19086275826289, 52.886542354604735
10029, 10.622463281503721, 6.312459668579275, 18.25563221896085, 74.51301795448481
10031, 12.518621477792621, 6.276132272198329, 24.080075420557996, 66.33473764841057
10051, 13.29054535299417, 5.998998605908694, 25.97693550756574, 62.84890553841633
10053, 11.374341322543895, 6.258986430750719, 19.957686882933707, 72.38848730606487
10056, 14.22153652946339, 6.1794015806459806, 31.770664359612127, 57.05454021123968
10064, 12.729439070675795, 6.964099271974568, 28.852643966582054, 62.676159075657225
10075, 15.176897211221617, 6.443311846626456, 39.29644024379472, 47.279392279833935
10079, 15.105657120869743, 7.310277575164333, 41.939698978851084, 49.388762522383004
10080, 15.788543709524737, 7.276659720076037, 46.41866935760402, 44.66988664752966
10082, 16.481624907040107, 6.706109746443749, 48.72220378360438, 40.47223934379593
10083, 15.642263092312579, 7.120652636432021, 44.870436948965434, 45.874420061760624
10084, 15.10336855696799, 7.149919042892684, 40.92004216232495, 50.25146815238669
10085, 15.871940273058014, 7.1915839135088, 46.19291488551234, 44.711558809836205
10086, 14.40118374639689, 7.212608605766093, 37.29047849202513, 52.98695021749638
10087, 15.087485731252222, 7.268077803010396, 41.57937753060209, 49.84546300036638
10089, 14.004985118932995, 7.268824294350478, 35.506842060467356, 56.308218983762515
10090, 14.292318850350773, 6.619890737063207, 36.6682123811732, 51.18710874101553
10093, 14.107616752171085, 6.563854617166811, 33.415299954503105, 56.39014667331066
10094, 14.206922135082742, 6.756729776921337, 35.40305368576588, 54.87878290373776
10097, 14.357939500287024, 6.86420651523601, 37.84189568509694, 51.274561002676414
10117, 15.467951419108239, 6.682560475684741, 44.13410625109789, 44.460337775101
10119, 14.089639263359699, 6.751781877779297, 35.08520585130448, 54.69260543909918
10120, 15.282522280693202, 8.031757419352648, 46.168775716171105, 47.71627461636002
10124, 13.86914363328557, 7.0316566980463495, 34.57151056426444, 56.046202963016114
10126, 13.40082733515207, 6.635983962188182, 29.673490998941055, 61.073067419696436
10128, 17.429382405791845, 6.706549208131793, 56.04351758259297, 34.869926052029584
10136, 15.429720446318752, 7.273152647064168, 44.34140409503001, 46.86940789148467
10144, 12.118497271719015, 6.126198041387772, 21.841893859516993, 68.8482201134709
10145, 10.662826273721963, 5.891452908360095, 16.59074372844896, 75.26177596406313
10150, 14.96410068596289, 7.494024993235232, 41.2050516477199, 50.724180776292116
10161, 13.451459727135708, 7.029399855261342, 31.821653456440195, 59.45789982857822
10165, 13.05547545939316, 6.732031289046622, 29.071604938271605, 62.0477366255144
10167, 13.234450907638706, 6.813344646742429, 30.197673255775193, 60.84369478982633
10168, 13.19514292909991, 6.899787307383744, 30.327255804676984, 60.48332142204198
10174, 16.608761931923755, 6.955901415093966, 49.54587088609365, 41.21352808328847
10176, 16.682192196807904, 6.842473143364945, 49.899852560714386, 40.574317745569864
10177, 16.64797737328466, 6.775410992888177, 49.22558967631389, 40.82086155658483
10180, 16.51168227155653, 6.853971750806953, 48.286109321137886, 42.001113606646605
10182, 16.74058301576758, 6.3203904084991684, 50.90032760611846, 37.492045534893585
10198, 14.439379900081047, 7.344975747426662, 38.674738652904594, 53.18115654360196
10199, 17.254810646456544, 6.977964313683074, 53.965700972313236, 37.617071411078676
10200, 12.835236074952112, 7.255137092558799, 30.704436430784053, 61.61962172252069
10201, 15.960728803512346, 7.271161007159839, 47.10640378034871, 44.60746292977025
10202, 13.554634554911308, 7.495446560398325, 34.06697549887004, 58.62178658766924
10203, 16.81625626036988, 6.613437639744696, 51.281795974722534, 38.8368912962668
10204, 14.77345540689087, 7.063305497553962, 39.064078031148675, 51.703609206399825

------------------------------------------------------------
Sender: LSF System <lsfadmin@hpc.dtu.dk>
Subject: Job 24842258: <q8> in cluster <dcc> Done

Job <q8> was submitted from host <hpclogin1> by user <s214622> in cluster <dcc> at Thu May  1 08:30:28 2025
Job was executed on host(s) <4*n-62-20-16>, in queue <gpuv100>, as user <s214622> in cluster <dcc> at Thu May  1 09:02:54 2025
</zhome/7e/7/168289> was used as the home directory.
</zhome/7e/7/168289/Desktop/02613-Project> was used as the working directory.
Started at Thu May  1 09:02:54 2025
Terminated at Thu May  1 09:04:07 2025
Results reported at Thu May  1 09:04:07 2025

Your job looked like:

------------------------------------------------------------
# LSBATCH: User input
#!/bin/sh

# må IKKE indeholde mellemrum
#BSUB -J q8

#BSUB -q gpuv100

# number of GPUs to use
#BSUB -gpu "num=1:mode=exclusive_process"

# number of cores to use
#BSUB -n 4

# gb memory per core
#BSUB -R "rusage[mem=4GB]"
# cores is on the same slot
#BSUB -R "span[hosts=1]"

# walltime
#BSUB -W 00:10
#BSUB -o output_%J.out 
#BSUB -e error_%J.err   

module load python3/3.10.16 cuda/12.0
source .venv/bin/activate
python3 Task\ 7-8/q8.py 50
------------------------------------------------------------

Successfully completed.

Resource usage summary:

    CPU time :                                   68.80 sec.
    Max Memory :                                 214 MB
    Average Memory :                             214.00 MB
    Total Requested Memory :                     16384.00 MB
    Delta Memory :                               16170.00 MB
    Max Swap :                                   -
    Max Processes :                              4
    Max Threads :                                7
    Run time :                                   73 sec.
    Turnaround time :                            2019 sec.

The output (if any) is above this job summary.



PS:

Read file <error_24842258.err> for stderr output of this job.

